src/app/admin/kalender/tambah-libur/page.tsx(51,23): error TS2322: Type '(formData: FormData) => Promise<{ error: string; }>' is not assignable to type 'string | ((formData: FormData) => void | Promise<void>) | undefined'.
  Type '(formData: FormData) => Promise<{ error: string; }>' is not assignable to type '(formData: FormData) => void | Promise<void>'.
    Type 'Promise<{ error: string; }>' is not assignable to type 'void | Promise<void>'.
      Type 'Promise<{ error: string; }>' is not assignable to type 'Promise<void>'.
        Type '{ error: string; }' is not assignable to type 'void'.
